
> gps-tracker-frontend@1.0.0 build
> vite build

C:\Users\lenovo\Desktop\gps iot\gps iot\gps-frontend\node_modules\rollup\dist\native.js:115
		throw new Error(
		      ^

Error: Cannot find module @rollup/rollup-win32-x64-msvc. npm has a bug related to optional dependencies (https://github.com/npm/cli/issues/4828). Please try `npm i` again after removing both package-lock.json and node_modules directory.
    at requireWithFriendlyError (C:\Users\lenovo\Desktop\gps iot\gps iot\gps-frontend\node_modules\rollup\dist\native.js:115:9)
    at Object.<anonymous> (C:\Users\lenovo\Desktop\gps iot\gps iot\gps-frontend\node_modules\rollup\dist\native.js:124:76)
    at Module._compile (node:internal/modules/cjs/loader:1760:14)
    at Object..js (node:internal/modules/cjs/loader:1893:10)
    at Module.load (node:internal/modules/cjs/loader:1480:32)
    ... 2 lines matching cause stack trace ...
    at wrapModuleLoad (node:internal/modules/cjs/loader:244:24)
    at cjsLoader (node:internal/modules/esm/translators:342:5)
    at ModuleWrap.<anonymous> (node:internal/modules/esm/translators:234:7) {
  [cause]: Error: \\?\C:\Users\lenovo\Desktop\gps iot\gps iot\gps-frontend\node_modules\@rollup\rollup-win32-x64-msvc\rollup.win32-x64-msvc.node is not a valid Win32 application.
  \\?\C:\Users\lenovo\Desktop\gps iot\gps iot\gps-frontend\node_modules\@rollup\rollup-win32-x64-msvc\rollup.win32-x64-msvc.node
      at Object..node (node:internal/modules/cjs/loader:1920:18)
      at Module.load (node:internal/modules/cjs/loader:1480:32)
      at Module._load (node:internal/modules/cjs/loader:1299:12)
      at TracingChannel.traceSync (node:diagnostics_channel:328:14)
      at wrapModuleLoad (node:internal/modules/cjs/loader:244:24)
      at Module.require (node:internal/modules/cjs/loader:1503:12)
      at require (node:internal/modules/helpers:152:16)
      at requireWithFriendlyError (C:\Users\lenovo\Desktop\gps iot\gps iot\gps-frontend\node_modules\rollup\dist\native.js:97:10)
      at Object.<anonymous> (C:\Users\lenovo\Desktop\gps iot\gps iot\gps-frontend\node_modules\rollup\dist\native.js:124:76)
      at Module._compile (node:internal/modules/cjs/loader:1760:14) {
    code: 'ERR_DLOPEN_FAILED'
  }
}

Node.js v24.11.0
